// Vitest Snapshot v1, https://vitest.dev/guide/snapshot.html

exports[`prisma-merge-complex > merge prisma complex 1`] = `
"// *** GENERATED BY next-prisma :: DO NOT EDIT ***
model User {
	id String @id @default(uuid(4))
	username String @unique
	email String? @unique
	authSession Session[] @relation(name: "SessionToUser")
	authorized Authorized[] @relation(name: "AuthorizedToUser")
	createdAt DateTime @default(now())
	updatedAt DateTime @updatedAt
	name String 
	@@map("user")
}
model Authorized {
	id String @id @default(uuid(4))
	userId String 
	hashedPassword String? 
	providerId String? 
	providerMethod String 
	user User @relation(name: "AuthorizedToUser", fields: [userId], references: [id], onDelete: Cascade)
	createdAt DateTime @default(now())
	updatedAt DateTime @updatedAt
	@@index([userId])
	@@map("authorized")
}
model Session {
	id Int @id @default(autoincrement())
	token String @unique
	userId String 
	expiresAt DateTime @default(now())
	user User @relation(name: "SessionToUser", fields: [userId], references: [id], onDelete: Cascade)
	createdAt DateTime @default(now())
	updatedAt DateTime @updatedAt
	@@index([userId])
	@@map("session")
}"
`;
